0.000: [GC 512K->186K(1984K), 0.0032108 secs]
0.698: [GC 698K->403K(1984K), 0.0049155 secs]
0.734: [GC 915K->790K(1984K), 0.0040165 secs]
0.760: [GC 1302K->1200K(1984K), 0.0036209 secs]
0.785: [GC 1712K->1610K(2240K), 0.0013479 secs]
0.787: [Full GC 1610K->1610K(2240K), 0.0106541 secs]
0.814: [GC 2122K->2014K(3264K), 0.0012205 secs]
0.844: [GC 2526K->2426K(3264K), 0.0012839 secs]
0.868: [GC 2938K->2839K(3392K), 0.0013505 secs]
0.870: [Full GC 2839K->2839K(3392K), 0.0117886 secs]
0.901: [GC 3328K->3232K(5272K), 0.0045934 secs]
0.914: [GC 3744K->3646K(5272K), 0.0014218 secs]
0.970: [GC 4158K->4056K(5272K), 0.0013482 secs]
0.999: [GC 4568K->4470K(5272K), 0.0013634 secs]
1.027: [GC 4982K->4884K(5400K), 0.0036165 secs]
1.030: [Full GC 4884K->4884K(5400K), 0.0132440 secs]
1.057: [GC 5397K->5299K(8676K), 0.0052849 secs]
1.108: [GC 5871K->5760K(8676K), 0.0015159 secs]
1.142: [GC 6336K->6225K(8676K), 0.0015113 secs]
1.200: [GC 6801K->6692K(8676K), 0.0015034 secs]
1.241: [GC 7268K->7158K(8676K), 0.0014880 secs]
1.285: [GC 7734K->7619K(8676K), 0.0014644 secs]
1.480: [GC 8195K->8085K(8676K), 0.0036113 secs]
1.513: [GC 8659K->8545K(9188K), 0.0015544 secs]
1.514: [Full GC 8545K->8457K(9188K), 0.0242525 secs]
1.616: [GC 9545K->9322K(15252K), 0.0025533 secs]
1.691: [GC 10410K->10192K(15252K), 0.0026606 secs]
1.739: [GC 11278K->11062K(15252K), 0.0026514 secs]
1.803: [GC 12148K->11932K(15252K), 0.0026049 secs]
1.865: [GC 13020K->12787K(15252K), 0.0026605 secs]
1.966: [GC 13875K->13651K(15252K), 0.0049469 secs]
2.036: [GC 14739K->14526K(15636K), 0.0025487 secs]
2.038: [Full GC 14526K->14526K(15636K), 0.0217416 secs]
2.161: [GC 16147K->15836K(25996K), 0.0106421 secs]
2.293: [GC 17498K->17177K(25996K), 0.0043863 secs]
2.525: [GC 18841K->18502K(25996K), 0.0039723 secs]
2.652: [GC 20166K->19833K(25996K), 0.0038306 secs]
2.741: [GC 21497K->21166K(25996K), 0.0039554 secs]
2.849: [GC 22830K->22496K(25996K), 0.0037649 secs]
2.946: [GC 24160K->23827K(25996K), 0.0040680 secs]
3.029: [GC 25491K->25157K(26892K), 0.0041607 secs]
3.033: [Full GC 25157K->25157K(26892K), 0.0292472 secs]
3.207: [GC 27912K->27383K(44924K), 0.0149919 secs]
3.305: [GC 30263K->27615K(44924K), 0.0039095 secs]
3.322: [GC 30495K->27614K(44924K), 0.0006969 secs]
3.336: [GC 30494K->27614K(44924K), 0.0001618 secs]
3.428: [GC 30494K->27678K(44924K), 0.0005608 secs]
3.442: [GC 30558K->27679K(44924K), 0.0002751 secs]
3.456: [GC 30559K->27678K(44924K), 0.0002495 secs]
3.509: [Full GC 27738K->1058K(44924K), 0.0151214 secs]
3.562: [GC 3938K->3366K(44924K), 0.0033362 secs]
3.744: [GC 6246K->5694K(44924K), 0.0034527 secs]
3.929: [GC 8574K->8013K(44924K), 0.0034212 secs]
4.105: [GC 10893K->10336K(44924K), 0.0034011 secs]
4.244: [GC 13216K->12639K(44924K), 0.0035054 secs]
4.529: [GC 15519K->14962K(44924K), 0.0037020 secs]
4.688: [GC 17842K->17264K(44924K), 0.0037223 secs]
4.873: [GC 20144K->19592K(44924K), 0.0036787 secs]
5.032: [GC 22472K->21916K(44924K), 0.0036073 secs]
5.285: [GC 24796K->24219K(44924K), 0.0035497 secs]
5.562: [GC 27099K->26537K(44924K), 0.0036960 secs]
5.769: [GC 29417K->28860K(44924K), 0.0050532 secs]
5.828: [GC 31740K->28995K(44924K), 0.0012263 secs]
5.843: [GC 31875K->28995K(44924K), 0.0002753 secs]
5.856: [GC 31875K->28996K(44924K), 0.0002439 secs]
5.882: [GC 31876K->29017K(44924K), 0.0003987 secs]
5.896: [GC 31897K->29016K(44924K), 0.0003626 secs]
5.909: [GC 31896K->29017K(44924K), 0.0003948 secs]
5.961: [Full GC 29378K->363K(44924K), 0.0156321 secs]
6.006: [GC 2923K->2410K(40576K), 0.0029255 secs]
6.090: [GC 4970K->4472K(40576K), 0.0033692 secs]
6.223: [GC 7032K->6529K(40576K), 0.0033106 secs]
6.475: [GC 9089K->8592K(40576K), 0.0032339 secs]
6.615: [GC 11152K->10654K(40576K), 0.0033881 secs]
6.750: [GC 13214K->12716K(40576K), 0.0033861 secs]
6.896: [GC 15276K->14778K(40576K), 0.0033965 secs]
7.069: [GC 17338K->16840K(40576K), 0.0033913 secs]
7.286: [GC 19400K->18903K(40576K), 0.0033537 secs]
7.588: [GC 21463K->20965K(40576K), 0.0032807 secs]
7.729: [GC 23525K->23027K(40576K), 0.0032902 secs]
7.880: [GC 25587K->25089K(40576K), 0.0031510 secs]
8.040: [GC 27649K->27152K(40576K), 0.0034678 secs]
8.278: [GC 29712K->28824K(40576K), 0.0026712 secs]
8.294: [GC 31384K->28824K(40576K), 0.0005349 secs]
8.306: [GC 31384K->28823K(40576K), 0.0001652 secs]
8.318: [GC 31383K->28823K(40576K), 0.0001570 secs]
8.332: [GC 31383K->28888K(40576K), 0.0003280 secs]
8.344: [GC 31448K->28889K(40576K), 0.0002637 secs]
8.356: [GC 31449K->28888K(40576K), 0.0002137 secs]
8.414: [Full GC 30814K->390K(40576K), 0.0162862 secs]
8.516: [GC 1990K->1404K(24976K), 0.0018198 secs]
8.522: [Full GC 1729K->1218K(24976K), 0.0113808 secs]
8.548: [GC 1728K->1627K(4640K), 0.0007450 secs]
8.554: [GC 2138K->2032K(4640K), 0.0007453 secs]
8.622: [GC 2544K->2233K(4640K), 0.0004096 secs]
8.628: [Full GC 2633K->347K(4640K), 0.0111226 secs]
8.643: [GC 858K->752K(1988K), 0.0005245 secs]
8.670: [GC 1262K->1161K(1988K), 0.0006034 secs]
8.720: [GC 1673K->1357K(1988K), 0.0004686 secs]
8.726: [Full GC 1755K->342K(1988K), 0.0113302 secs]
